execution_backend=dask-mpi workers=5
RUN_ID=20260730-142831-523836786_spectrum_c7dacfd4
RESULT PACKAGE:
results/packages/20260730-142831-523836786_spectrum_c7dacfd4.tar.gz
2026-07-30 14:42:45,284 - distributed.worker - ERROR - Failed to communicate with scheduler during heartbeat.
Traceback (most recent call last):
  File "/home/feng/miniforge3/envs/ody/lib/python3.11/site-packages/distributed/comm/tcp.py", line 226, in read
    frames_nosplit_nbytes_bin = await stream.read_bytes(fmt_size)
                                ^^^^^^^^^^^^^^^^^^^^^^^^^^^^^^^^^
tornado.iostream.StreamClosedError: Stream is closed

The above exception was the direct cause of the following exception:

Traceback (most recent call last):
  File "/home/feng/miniforge3/envs/ody/lib/python3.11/site-packages/distributed/worker.py", line 1273, in heartbeat
    response = await retry_operation(
               ^^^^^^^^^^^^^^^^^^^^^^
  File "/home/feng/miniforge3/envs/ody/lib/python3.11/site-packages/distributed/utils_comm.py", line 416, in retry_operation
    return await retry(
           ^^^^^^^^^^^^
  File "/home/feng/miniforge3/envs/ody/lib/python3.11/site-packages/distributed/utils_comm.py", line 395, in retry
    return await coro()
           ^^^^^^^^^^^^
  File "/home/feng/miniforge3/envs/ody/lib/python3.11/site-packages/distributed/core.py", line 1259, in send_recv_from_rpc
    return await send_recv(comm=comm, op=key, **kwargs)
           ^^^^^^^^^^^^^^^^^^^^^^^^^^^^^^^^^^^^^^^^^^^^
  File "/home/feng/miniforge3/envs/ody/lib/python3.11/site-packages/distributed/core.py", line 1018, in send_recv
    response = await comm.read(deserializers=deserializers)
               ^^^^^^^^^^^^^^^^^^^^^^^^^^^^^^^^^^^^^^^^^^^^
  File "/home/feng/miniforge3/envs/ody/lib/python3.11/site-packages/distributed/comm/tcp.py", line 237, in read
    convert_stream_closed_error(self, e)
  File "/home/feng/miniforge3/envs/ody/lib/python3.11/site-packages/distributed/comm/tcp.py", line 137, in convert_stream_closed_error
    raise CommClosedError(f"in {obj}: {exc}") from exc
distributed.comm.core.CommClosedError: in <TCP (closed) ConnectionPool.heartbeat_worker local=tcp://192.168.0.102:48618 remote=tcp://192.168.0.102:45805>: Stream is closed
